2026-03-05 16:35:15,326 - INFO - Seed set to 42
2026-03-05 16:35:15,326 - INFO - Log file saved at ./logs/train_20260305_163515.log
2026-03-05 16:35:15,354 - INFO - Dataset Loaded: Train=918, Test=103
2026-03-05 16:35:26,774 - INFO - Epoch 0/99 | Train Loss: 0.280343 | Val Loss: 0.311205
2026-03-05 16:35:26,811 - INFO - *** Best Model Saved (Loss: 0.311205) ***
2026-03-05 16:35:27,133 - INFO - Epoch 1/99 | Train Loss: 0.114908 | Val Loss: 0.065298
2026-03-05 16:35:27,151 - INFO - *** Best Model Saved (Loss: 0.065298) ***
2026-03-05 16:35:27,480 - INFO - Epoch 2/99 | Train Loss: 0.090308 | Val Loss: 0.050647
2026-03-05 16:35:27,497 - INFO - *** Best Model Saved (Loss: 0.050647) ***
2026-03-05 16:35:27,869 - INFO - Epoch 3/99 | Train Loss: 0.080663 | Val Loss: 0.046558
2026-03-05 16:35:27,889 - INFO - *** Best Model Saved (Loss: 0.046558) ***
2026-03-05 16:35:28,229 - INFO - Epoch 4/99 | Train Loss: 0.075604 | Val Loss: 0.062115
2026-03-05 16:35:28,558 - INFO - Epoch 5/99 | Train Loss: 0.075876 | Val Loss: 0.045675
2026-03-05 16:35:28,570 - INFO - *** Best Model Saved (Loss: 0.045675) ***
2026-03-05 16:35:28,900 - INFO - Epoch 6/99 | Train Loss: 0.068863 | Val Loss: 0.041205
2026-03-05 16:35:28,914 - INFO - *** Best Model Saved (Loss: 0.041205) ***
2026-03-05 16:35:29,287 - INFO - Epoch 7/99 | Train Loss: 0.065208 | Val Loss: 0.041073
2026-03-05 16:35:29,299 - INFO - *** Best Model Saved (Loss: 0.041073) ***
2026-03-05 16:35:29,630 - INFO - Epoch 8/99 | Train Loss: 0.061460 | Val Loss: 0.046828
2026-03-05 16:35:29,942 - INFO - Epoch 9/99 | Train Loss: 0.063096 | Val Loss: 0.040757
2026-03-05 16:35:29,955 - INFO - *** Best Model Saved (Loss: 0.040757) ***
2026-03-05 16:35:30,271 - INFO - Epoch 10/99 | Train Loss: 0.055130 | Val Loss: 0.039926
2026-03-05 16:35:30,283 - INFO - *** Best Model Saved (Loss: 0.039926) ***
2026-03-05 16:35:30,599 - INFO - Epoch 11/99 | Train Loss: 0.058257 | Val Loss: 0.058286
2026-03-05 16:35:30,909 - INFO - Epoch 12/99 | Train Loss: 0.059544 | Val Loss: 0.039830
2026-03-05 16:35:30,922 - INFO - *** Best Model Saved (Loss: 0.039830) ***
2026-03-05 16:35:31,248 - INFO - Epoch 13/99 | Train Loss: 0.053152 | Val Loss: 0.037324
2026-03-05 16:35:31,259 - INFO - *** Best Model Saved (Loss: 0.037324) ***
2026-03-05 16:35:31,573 - INFO - Epoch 14/99 | Train Loss: 0.050070 | Val Loss: 0.035622
2026-03-05 16:35:31,592 - INFO - *** Best Model Saved (Loss: 0.035622) ***
2026-03-05 16:35:31,886 - INFO - Epoch 15/99 | Train Loss: 0.049517 | Val Loss: 0.038512
2026-03-05 16:35:32,204 - INFO - Epoch 16/99 | Train Loss: 0.049130 | Val Loss: 0.035008
2026-03-05 16:35:32,216 - INFO - *** Best Model Saved (Loss: 0.035008) ***
2026-03-05 16:35:32,518 - INFO - Epoch 17/99 | Train Loss: 0.045810 | Val Loss: 0.032456
2026-03-05 16:35:32,538 - INFO - *** Best Model Saved (Loss: 0.032456) ***
2026-03-05 16:35:32,851 - INFO - Epoch 18/99 | Train Loss: 0.046568 | Val Loss: 0.037188
2026-03-05 16:35:33,144 - INFO - Epoch 19/99 | Train Loss: 0.044736 | Val Loss: 0.038642
2026-03-05 16:35:33,444 - INFO - Epoch 20/99 | Train Loss: 0.047258 | Val Loss: 0.032721
2026-03-05 16:35:33,746 - INFO - Epoch 21/99 | Train Loss: 0.044754 | Val Loss: 0.034577
2026-03-05 16:35:34,054 - INFO - Epoch 22/99 | Train Loss: 0.044788 | Val Loss: 0.047147
2026-03-05 16:35:34,403 - INFO - Epoch 23/99 | Train Loss: 0.046690 | Val Loss: 0.036520
2026-03-05 16:35:34,757 - INFO - Epoch 24/99 | Train Loss: 0.046378 | Val Loss: 0.036462
2026-03-05 16:35:35,145 - INFO - Epoch 25/99 | Train Loss: 0.046652 | Val Loss: 0.033206
2026-03-05 16:35:35,458 - INFO - Epoch 26/99 | Train Loss: 0.047630 | Val Loss: 0.033424
2026-03-05 16:35:35,786 - INFO - Epoch 27/99 | Train Loss: 0.043102 | Val Loss: 0.034808
2026-03-05 16:35:36,096 - INFO - Epoch 28/99 | Train Loss: 0.043085 | Val Loss: 0.033102
2026-03-05 16:35:36,383 - INFO - Epoch 29/99 | Train Loss: 0.040838 | Val Loss: 0.038121
2026-03-05 16:35:36,692 - INFO - Epoch 30/99 | Train Loss: 0.041827 | Val Loss: 0.034546
2026-03-05 16:35:36,991 - INFO - Epoch 31/99 | Train Loss: 0.043380 | Val Loss: 0.038111
2026-03-05 16:35:37,287 - INFO - Epoch 32/99 | Train Loss: 0.040697 | Val Loss: 0.040770
2026-03-05 16:35:37,577 - INFO - Epoch 33/99 | Train Loss: 0.042564 | Val Loss: 0.038085
2026-03-05 16:35:37,881 - INFO - Epoch 34/99 | Train Loss: 0.040417 | Val Loss: 0.032573
2026-03-05 16:35:38,183 - INFO - Epoch 35/99 | Train Loss: 0.039141 | Val Loss: 0.033910
2026-03-05 16:35:38,475 - INFO - Epoch 36/99 | Train Loss: 0.044583 | Val Loss: 0.031817
2026-03-05 16:35:38,487 - INFO - *** Best Model Saved (Loss: 0.031817) ***
2026-03-05 16:35:38,788 - INFO - Epoch 37/99 | Train Loss: 0.039830 | Val Loss: 0.033472
2026-03-05 16:35:39,077 - INFO - Epoch 38/99 | Train Loss: 0.041117 | Val Loss: 0.047303
2026-03-05 16:35:39,372 - INFO - Epoch 39/99 | Train Loss: 0.051349 | Val Loss: 0.038383
2026-03-05 16:35:39,662 - INFO - Epoch 40/99 | Train Loss: 0.043756 | Val Loss: 0.034163
2026-03-05 16:35:39,968 - INFO - Epoch 41/99 | Train Loss: 0.040741 | Val Loss: 0.032878
2026-03-05 16:35:40,264 - INFO - Epoch 42/99 | Train Loss: 0.039326 | Val Loss: 0.040173
2026-03-05 16:35:40,564 - INFO - Epoch 43/99 | Train Loss: 0.042413 | Val Loss: 0.044115
2026-03-05 16:35:40,855 - INFO - Epoch 44/99 | Train Loss: 0.044228 | Val Loss: 0.032946
2026-03-05 16:35:41,171 - INFO - Epoch 45/99 | Train Loss: 0.041358 | Val Loss: 0.034808
2026-03-05 16:35:41,472 - INFO - Epoch 46/99 | Train Loss: 0.038636 | Val Loss: 0.031972
2026-03-05 16:35:41,765 - INFO - Epoch 47/99 | Train Loss: 0.040262 | Val Loss: 0.035551
2026-03-05 16:35:42,077 - INFO - Epoch 48/99 | Train Loss: 0.037789 | Val Loss: 0.032036
2026-03-05 16:35:42,382 - INFO - Epoch 49/99 | Train Loss: 0.035417 | Val Loss: 0.031132
2026-03-05 16:35:42,403 - INFO - *** Best Model Saved (Loss: 0.031132) ***
2026-03-05 16:35:42,709 - INFO - Epoch 50/99 | Train Loss: 0.034710 | Val Loss: 0.030643
2026-03-05 16:35:42,720 - INFO - *** Best Model Saved (Loss: 0.030643) ***
2026-03-05 16:35:43,032 - INFO - Epoch 51/99 | Train Loss: 0.039120 | Val Loss: 0.032679
2026-03-05 16:35:43,347 - INFO - Epoch 52/99 | Train Loss: 0.034424 | Val Loss: 0.032542
2026-03-05 16:35:43,647 - INFO - Epoch 53/99 | Train Loss: 0.035561 | Val Loss: 0.033350
2026-03-05 16:35:43,957 - INFO - Epoch 54/99 | Train Loss: 0.036348 | Val Loss: 0.036135
2026-03-05 16:35:44,263 - INFO - Epoch 55/99 | Train Loss: 0.037620 | Val Loss: 0.034563
2026-03-05 16:35:44,574 - INFO - Epoch 56/99 | Train Loss: 0.034149 | Val Loss: 0.031684
2026-03-05 16:35:44,883 - INFO - Epoch 57/99 | Train Loss: 0.032984 | Val Loss: 0.037293
2026-03-05 16:35:45,190 - INFO - Epoch 58/99 | Train Loss: 0.033854 | Val Loss: 0.030317
2026-03-05 16:35:45,201 - INFO - *** Best Model Saved (Loss: 0.030317) ***
2026-03-05 16:35:45,522 - INFO - Epoch 59/99 | Train Loss: 0.036206 | Val Loss: 0.031927
2026-03-05 16:35:45,827 - INFO - Epoch 60/99 | Train Loss: 0.034578 | Val Loss: 0.030599
2026-03-05 16:35:46,139 - INFO - Epoch 61/99 | Train Loss: 0.033503 | Val Loss: 0.033267
2026-03-05 16:35:46,442 - INFO - Epoch 62/99 | Train Loss: 0.034612 | Val Loss: 0.031368
2026-03-05 16:35:46,746 - INFO - Epoch 63/99 | Train Loss: 0.035923 | Val Loss: 0.031404
2026-03-05 16:35:47,057 - INFO - Epoch 64/99 | Train Loss: 0.033082 | Val Loss: 0.029349
2026-03-05 16:35:47,068 - INFO - *** Best Model Saved (Loss: 0.029349) ***
2026-03-05 16:35:47,394 - INFO - Epoch 65/99 | Train Loss: 0.032079 | Val Loss: 0.034537
2026-03-05 16:35:47,700 - INFO - Epoch 66/99 | Train Loss: 0.033315 | Val Loss: 0.036123
2026-03-05 16:35:47,999 - INFO - Epoch 67/99 | Train Loss: 0.034725 | Val Loss: 0.031232
2026-03-05 16:35:48,289 - INFO - Epoch 68/99 | Train Loss: 0.035630 | Val Loss: 0.031686
2026-03-05 16:35:48,579 - INFO - Epoch 69/99 | Train Loss: 0.034044 | Val Loss: 0.036089
2026-03-05 16:35:48,884 - INFO - Epoch 70/99 | Train Loss: 0.034062 | Val Loss: 0.031575
2026-03-05 16:35:49,169 - INFO - Epoch 71/99 | Train Loss: 0.033140 | Val Loss: 0.029493
2026-03-05 16:35:49,477 - INFO - Epoch 72/99 | Train Loss: 0.031865 | Val Loss: 0.030048
2026-03-05 16:35:49,807 - INFO - Epoch 73/99 | Train Loss: 0.030840 | Val Loss: 0.033048
2026-03-05 16:35:50,117 - INFO - Epoch 74/99 | Train Loss: 0.031960 | Val Loss: 0.034506
2026-03-05 16:35:50,409 - INFO - Epoch 75/99 | Train Loss: 0.035085 | Val Loss: 0.030702
2026-03-05 16:35:50,705 - INFO - Epoch 76/99 | Train Loss: 0.031600 | Val Loss: 0.035457
2026-03-05 16:35:50,994 - INFO - Epoch 77/99 | Train Loss: 0.033704 | Val Loss: 0.033934
2026-03-05 16:35:51,295 - INFO - Epoch 78/99 | Train Loss: 0.031384 | Val Loss: 0.030550
2026-03-05 16:35:51,591 - INFO - Epoch 79/99 | Train Loss: 0.030844 | Val Loss: 0.030131
2026-03-05 16:35:51,885 - INFO - Epoch 80/99 | Train Loss: 0.029887 | Val Loss: 0.030799
2026-03-05 16:35:52,191 - INFO - Epoch 81/99 | Train Loss: 0.030716 | Val Loss: 0.030489
2026-03-05 16:35:52,474 - INFO - Epoch 82/99 | Train Loss: 0.032085 | Val Loss: 0.033222
2026-03-05 16:35:52,759 - INFO - Epoch 83/99 | Train Loss: 0.030976 | Val Loss: 0.030293
2026-03-05 16:35:53,042 - INFO - Epoch 84/99 | Train Loss: 0.033069 | Val Loss: 0.031765
2026-03-05 16:35:53,345 - INFO - Epoch 85/99 | Train Loss: 0.029946 | Val Loss: 0.029769
2026-03-05 16:35:53,628 - INFO - Epoch 86/99 | Train Loss: 0.030889 | Val Loss: 0.031979
2026-03-05 16:35:53,913 - INFO - Epoch 87/99 | Train Loss: 0.028901 | Val Loss: 0.032235
2026-03-05 16:35:54,216 - INFO - Epoch 88/99 | Train Loss: 0.030269 | Val Loss: 0.029998
2026-03-05 16:35:54,504 - INFO - Epoch 89/99 | Train Loss: 0.031457 | Val Loss: 0.036151
2026-03-05 16:35:54,793 - INFO - Epoch 90/99 | Train Loss: 0.031532 | Val Loss: 0.035894
2026-03-05 16:35:55,080 - INFO - Epoch 91/99 | Train Loss: 0.029547 | Val Loss: 0.030348
2026-03-05 16:35:55,363 - INFO - Epoch 92/99 | Train Loss: 0.030120 | Val Loss: 0.030402
2026-03-05 16:35:55,661 - INFO - Epoch 93/99 | Train Loss: 0.028144 | Val Loss: 0.028707
2026-03-05 16:35:55,676 - INFO - *** Best Model Saved (Loss: 0.028707) ***
2026-03-05 16:35:55,960 - INFO - Epoch 94/99 | Train Loss: 0.029089 | Val Loss: 0.028135
2026-03-05 16:35:55,972 - INFO - *** Best Model Saved (Loss: 0.028135) ***
2026-03-05 16:35:56,264 - INFO - Epoch 95/99 | Train Loss: 0.029151 | Val Loss: 0.030770
2026-03-05 16:35:56,570 - INFO - Epoch 96/99 | Train Loss: 0.030108 | Val Loss: 0.032239
2026-03-05 16:35:56,862 - INFO - Epoch 97/99 | Train Loss: 0.029468 | Val Loss: 0.029771
2026-03-05 16:35:57,141 - INFO - Epoch 98/99 | Train Loss: 0.031793 | Val Loss: 0.031392
2026-03-05 16:35:57,435 - INFO - Epoch 99/99 | Train Loss: 0.027477 | Val Loss: 0.032021
2026-03-05 16:35:57,435 - INFO - Training complete in 0m 39s
2026-03-05 16:35:57,875 - INFO - Training process finished.
